#
# There is insufficient memory for the Java Runtime Environment to continue.
# Native memory allocation (malloc) failed to allocate 1048576 bytes. Error detail: AllocateHeap
# Possible reasons:
#   The system is out of physical RAM or swap space
#   This process is running with CompressedOops enabled, and the Java Heap may be blocking the growth of the native heap
# Possible solutions:
#   Reduce memory load on the system
#   Increase physical memory or swap space
#   Check if swap backing store is full
#   Decrease Java heap size (-Xmx/-Xms)
#   Decrease number of Java threads
#   Decrease Java thread stack sizes (-Xss)
#   Set larger code cache with -XX:ReservedCodeCacheSize=
#   JVM is running with Unscaled Compressed Oops mode in which the Java heap is
#     placed in the first 4GB address space. The Java Heap base address is the
#     maximum limit for the native heap growth. Please use -XX:HeapBaseMinAddress
#     to set the Java Heap base and to place the Java Heap above 4GB virtual address.
# This output file may be truncated or incomplete.
#
#  Out of Memory Error (allocation.cpp:44), pid=2008, tid=18656
#
# JRE version:  (21.0.11+10) (build )
# Java VM: OpenJDK 64-Bit Server VM (21.0.11+10-LTS, mixed mode, tiered, compressed oops, compressed class ptrs, parallel gc, windows-amd64)
# No core dump will be written. Minidumps are not enabled by default on client versions of Windows
#

---------------  S U M M A R Y ------------

Command Line: --add-modules=ALL-SYSTEM --add-opens=java.base/java.util=ALL-UNNAMED --add-opens=java.base/java.lang=ALL-UNNAMED --add-opens=java.base/sun.nio.fs=ALL-UNNAMED -Declipse.application=org.eclipse.jdt.ls.core.id1 -Dosgi.bundles.defaultStartLevel=4 -Declipse.product=org.eclipse.jdt.ls.core.product -Djava.import.generatesMetadataFilesAtProjectRoot=false -DDetectVMInstallationsJob.disabled=true -Dfile.encoding=utf8 -XX:+UseParallelGC -XX:GCTimeRatio=4 -XX:AdaptiveSizePolicyWeight=90 -Dsun.zip.disableMemoryMapping=true -Xmx2G -Xms100m -Xlog:disable -javaagent:c:\Users\Mohammadtaijim\.vscode\extensions\redhat.java-1.55.0-win32-x64\lombok\lombok-1.18.39-4050.jar -XX:+HeapDumpOnOutOfMemoryError -XX:HeapDumpPath=c:\Users\Mohammadtaijim\AppData\Roaming\Code\User\workspaceStorage\40187ffb2bf2468e38869638b7ff3013\redhat.java -Daether.dependencyCollector.impl=bf c:\Users\Mohammadtaijim\.vscode\extensions\redhat.java-1.55.0-win32-x64\server\plugins\org.eclipse.equinox.launcher_1.7.200.v20260619-2039.jar -configuration c:\Users\Mohammadtaijim\AppData\Roaming\Code\User\globalStorage\redhat.java\1.55.0\config_win -data c:\Users\Mohammadtaijim\AppData\Roaming\Code\User\workspaceStorage\40187ffb2bf2468e38869638b7ff3013\redhat.java\jdt_ws --pipe=\\.\pipe\lsp-ae72b947c930fcefd5d74e70edb016fd-sock

Host: AMD Ryzen 5 7535HS with Radeon Graphics        , 12 cores, 7G,  Windows 11 , 64 bit Build 26100 (10.0.26100.9168)
Time: Wed Aug 26 02:11:57 2026 India Standard Time elapsed time: 2.314274 seconds (0d 0h 0m 2s)

---------------  T H R E A D  ---------------

Current thread (0x000001a7ed329640):  JavaThread "Unknown thread" [_thread_in_vm, id=18656, stack(0x0000006ea3f00000,0x0000006ea4000000) (1024K)]

Stack: [0x0000006ea3f00000,0x0000006ea4000000]
Native frames: (J=compiled Java code, j=interpreted, Vv=VM code, C=native code)
V  [jvm.dll+0x6d7e19]
V  [jvm.dll+0x8b5096]
V  [jvm.dll+0x8b764e]
V  [jvm.dll+0x8b7d33]
V  [jvm.dll+0x284596]
V  [jvm.dll+0xc13c7]
V  [jvm.dll+0x70bf90]
V  [jvm.dll+0x70cafc]
V  [jvm.dll+0x6e69b3]
V  [jvm.dll+0x87f6ec]
V  [jvm.dll+0x3c4b2c]
V  [jvm.dll+0x8683db]
V  [jvm.dll+0x457c41]
V  [jvm.dll+0x459831]
C  [jli.dll+0x52dc]
C  [ucrtbase.dll+0x2cd30]
C  [KERNEL32.DLL+0x2ccb7]
C  [ntdll.dll+0xaad6c]


---------------  P R O C E S S  ---------------

Threads class SMR info:
_java_thread_list=0x000001a7ef655d60, length=1, elements={
0x000001a7ed329640
}

Java Threads: ( => current thread )
=>0x000001a7ed329640 JavaThread "Unknown thread"             [_thread_in_vm, id=18656, stack(0x0000006ea3f00000,0x0000006ea4000000) (1024K)]
Total: 1

Other Threads:
  0x000001a7ef699ef0 WatcherThread "VM Periodic Task Thread"        [id=23740, stack(0x0000006ea4100000,0x0000006ea4200000) (1024K)]
  0x000001a7ef64b420 WorkerThread "GC Thread#0"                     [id=36292, stack(0x0000006ea4000000,0x0000006ea4100000) (1024K)]
Total: 2

Threads with active compile tasks:
Total: 0

VM state: not at safepoint (normal execution)

VM Mutex/Monitor currently owned by a thread: None

Heap address: 0x0000000080000000, size: 2048 MB, Compressed Oops mode: 32-bit

CDS archive(s) not mapped
Compressed class space mapped at: 0x0000000100000000-0x0000000140000000, reserved size: 1073741824
Narrow klass base: 0x0000000000000000, Narrow klass shift: 3, Narrow klass range: 0x140000000

GC Precious Log:
 CardTable entry size: 512
 CPUs: 12 total, 12 available
 Memory: 7381M
 Large Page Support: Disabled
 NUMA Support: Disabled
 Compressed Oops: Enabled (32-bit)
 Alignments: Space 512K, Generation 512K, Heap 2M
 Heap Min Capacity: 100M
 Heap Initial Capacity: 100M
 Heap Max Capacity: 2G
 Pre-touch: Disabled
 Parallel Workers: 10

Heap:
 PSYoungGen      total 29696K, used 512K [0x00000000d5580000, 0x00000000d7680000, 0x0000000100000000)
  eden space 25600K, 2% used [0x00000000d5580000,0x00000000d5600070,0x00000000d6e80000)
  from space 4096K, 0% used [0x00000000d7280000,0x00000000d7280000,0x00000000d7680000)
  to   space 4096K, 0% used [0x00000000d6e80000,0x00000000d6e80000,0x00000000d7280000)
 ParOldGen       total 68608K, used 0K [0x0000000080000000, 0x0000000084300000, 0x00000000d5580000)
  object space 68608K, 0% used [0x0000000080000000,0x0000000080000000,0x0000000084300000)
 Metaspace       used 1381K, committed 1408K, reserved 1114112K
  class space    used 111K, committed 128K, reserved 1048576K

Card table byte_map: [0x000001a7eefd0000,0x000001a7ef3e0000] _byte_map_base: 0x000001a7eebd0000

Marking Bits: (ParMarkBitMap*) 0x00007ffafd114460
 Begin Bits: [0x000001a7f2ae0000, 0x000001a7f4ae0000)
 End Bits:   [0x000001a7f4ae0000, 0x000001a7f6ae0000)

Polling page: 0x000001a7ed4a0000

Metaspace:

Usage:
  Non-class:      1.24 MB used.
      Class:    111.10 KB used.
       Both:      1.35 MB used.

Virtual space:
  Non-class space:       64.00 MB reserved,       1.25 MB (  2%) committed,  1 nodes.
      Class space:        1.00 GB reserved,     128.00 KB ( <1%) committed,  1 nodes.
             Both:        1.06 GB reserved,       1.38 MB ( <1%) committed. 

Chunk freelists:
   Non-Class:  12.00 MB
       Class:  15.75 MB
        Both:  27.75 MB

MaxMetaspaceSize: unlimited
CompressedClassSpaceSize: 1.00 GB
Initial GC threshold: 21.00 MB
Current GC threshold: 17179869184.00 GB
CDS: off
 - commit_granule_bytes: 65536.
 - commit_granule_words: 8192.
 - virtual_space_node_default_size: 8388608.
 - enlarge_chunks_in_place: 1.
 - use_allocation_guard: 0.


Internal statistics:

num_allocs_failed_limit: 0.
num_arena_births: 2.
num_arena_deaths: 0.
num_vsnodes_births: 2.
num_vsnodes_deaths: 0.
num_space_committed: 22.
num_space_uncommitted: 0.
num_chunks_returned_to_freelist: 0.
num_chunks_taken_from_freelist: 3.
num_chunk_merges: 0.
num_chunk_splits: 2.
num_chunks_enlarged: 0.
num_inconsistent_stats: 0.

CodeHeap 'non-profiled nmethods': size=120000Kb used=0Kb max_used=0Kb free=120000Kb
 bounds [0x000001a787ad0000, 0x000001a787d40000, 0x000001a78f000000]
CodeHeap 'profiled nmethods': size=120000Kb used=0Kb max_used=0Kb free=120000Kb
 bounds [0x000001a780000000, 0x000001a780270000, 0x000001a787530000]
CodeHeap 'non-nmethods': size=5760Kb used=194Kb max_used=342Kb free=5565Kb
 bounds [0x000001a787530000, 0x000001a7877a0000, 0x000001a787ad0000]
CodeCache: size=245760Kb, used=194Kb, max_used=342Kb, free=245565Kb
 total_blobs=70, nmethods=0, adapters=48, full_count=0
Compilation: enabled, stopped_count=0, restarted_count=0

Compilation events (0 events):
No events

GC Heap History (0 events):
No events

Dll operation events (2 events):
Event: 0.018 Loaded shared library c:\Users\Mohammadtaijim\.vscode\extensions\redhat.java-1.55.0-win32-x64\jre\21.0.11-win32-x86_64\bin\java.dll
Event: 1.251 Loaded shared library c:\Users\Mohammadtaijim\.vscode\extensions\redhat.java-1.55.0-win32-x64\jre\21.0.11-win32-x86_64\bin\zip.dll

Deoptimization events (0 events):
No events

Classes loaded (20 events):
Event: 1.304 Loading class java/util/Iterator
Event: 1.304 Loading class java/util/Iterator done
Event: 1.304 Loading class java/lang/reflect/RecordComponent
Event: 1.304 Loading class java/lang/reflect/RecordComponent done
Event: 1.304 Loading class jdk/internal/vm/vector/VectorSupport
Event: 1.304 Loading class jdk/internal/vm/vector/VectorSupport done
Event: 1.304 Loading class jdk/internal/vm/vector/VectorSupport$VectorPayload
Event: 1.304 Loading class jdk/internal/vm/vector/VectorSupport$VectorPayload done
Event: 1.304 Loading class jdk/internal/vm/vector/VectorSupport$Vector
Event: 1.304 Loading class jdk/internal/vm/vector/VectorSupport$Vector done
Event: 1.304 Loading class jdk/internal/vm/vector/VectorSupport$VectorMask
Event: 1.304 Loading class jdk/internal/vm/vector/VectorSupport$VectorMask done
Event: 1.304 Loading class jdk/internal/vm/vector/VectorSupport$VectorShuffle
Event: 1.304 Loading class jdk/internal/vm/vector/VectorSupport$VectorShuffle done
Event: 1.304 Loading class jdk/internal/vm/FillerObject
Event: 1.304 Loading class jdk/internal/vm/FillerObject done
Event: 1.308 Loading class java/lang/NullPointerException
Event: 1.308 Loading class java/lang/NullPointerException done
Event: 1.308 Loading class java/lang/ArithmeticException
Event: 1.308 Loading class java/lang/ArithmeticException done

Classes unloaded (0 events):
No events

Classes redefined (0 events):
No events

Internal exceptions (0 events):
No events

ZGC Phase Switch (0 events):
No events

VM Operations (0 events):
No events

Memory protections (0 events):
No events

Nmethod flushes (0 events):
No events

Events (1 events):
Event: 1.248 Thread 0x000001a7ed329640 Thread added: 0x000001a7ed329640


Dynamic libraries:
0x00007ff643630000 - 0x00007ff64363e000 	c:\Users\Mohammadtaijim\.vscode\extensions\redhat.java-1.55.0-win32-x64\jre\21.0.11-win32-x86_64\bin\java.exe
0x00007ffb9e4c0000 - 0x00007ffb9e726000 	C:\WINDOWS\SYSTEM32\ntdll.dll
0x00007ffb9c810000 - 0x00007ffb9c8d9000 	C:\WINDOWS\System32\KERNEL32.DLL
0x00007ffb9bde0000 - 0x00007ffb9c1df000 	C:\WINDOWS\System32\KERNELBASE.dll
0x00007ffb9b6d0000 - 0x00007ffb9b81c000 	C:\WINDOWS\System32\ucrtbase.dll
0x00007ffb6ad10000 - 0x00007ffb6ad2e000 	c:\Users\Mohammadtaijim\.vscode\extensions\redhat.java-1.55.0-win32-x64\jre\21.0.11-win32-x86_64\bin\VCRUNTIME140.dll
0x00007ffb7f4c0000 - 0x00007ffb7f4d8000 	c:\Users\Mohammadtaijim\.vscode\extensions\redhat.java-1.55.0-win32-x64\jre\21.0.11-win32-x86_64\bin\jli.dll
0x00007ffb9c8e0000 - 0x00007ffb9caa6000 	C:\WINDOWS\System32\USER32.dll
0x00007ffb9bb70000 - 0x00007ffb9bb97000 	C:\WINDOWS\System32\win32u.dll
0x00007ffb7b7e0000 - 0x00007ffb7ba71000 	C:\WINDOWS\WinSxS\amd64_microsoft.windows.common-controls_6595b64144ccf1df_6.0.26100.8972_none_3e0da176e32f9d4b\COMCTL32.dll
0x00007ffb9d670000 - 0x00007ffb9d69b000 	C:\WINDOWS\System32\GDI32.dll
0x00007ffb9c760000 - 0x00007ffb9c809000 	C:\WINDOWS\System32\msvcrt.dll
0x00007ffb9b8c0000 - 0x00007ffb9b9e9000 	C:\WINDOWS\System32\gdi32full.dll
0x00007ffb9bd30000 - 0x00007ffb9bdd3000 	C:\WINDOWS\System32\msvcp_win.dll
0x00007ffb9c2a0000 - 0x00007ffb9c2d2000 	C:\WINDOWS\System32\IMM32.DLL
0x00007ffb8de80000 - 0x00007ffb8de8c000 	c:\Users\Mohammadtaijim\.vscode\extensions\redhat.java-1.55.0-win32-x64\jre\21.0.11-win32-x86_64\bin\vcruntime140_1.dll
0x00007ffb52620000 - 0x00007ffb526ad000 	c:\Users\Mohammadtaijim\.vscode\extensions\redhat.java-1.55.0-win32-x64\jre\21.0.11-win32-x86_64\bin\msvcp140.dll
0x00007ffafc450000 - 0x00007ffafd1f2000 	c:\Users\Mohammadtaijim\.vscode\extensions\redhat.java-1.55.0-win32-x64\jre\21.0.11-win32-x86_64\bin\server\jvm.dll
0x00007ffb9c680000 - 0x00007ffb9c73c000 	C:\WINDOWS\System32\ADVAPI32.dll
0x00007ffb9c1f0000 - 0x00007ffb9c29a000 	C:\WINDOWS\System32\sechost.dll
0x00007ffb9dfe0000 - 0x00007ffb9e0f8000 	C:\WINDOWS\System32\RPCRT4.dll
0x00007ffb9e1c0000 - 0x00007ffb9e242000 	C:\WINDOWS\System32\WS2_32.dll
0x00007ffb934a0000 - 0x00007ffb934ab000 	C:\WINDOWS\SYSTEM32\VERSION.dll
0x00007ffb9b530000 - 0x00007ffb9b58e000 	C:\WINDOWS\SYSTEM32\POWRPROF.dll
0x00007ffb8d0f0000 - 0x00007ffb8d126000 	C:\WINDOWS\SYSTEM32\WINMM.dll
0x00007ffb9b510000 - 0x00007ffb9b525000 	C:\WINDOWS\SYSTEM32\UMPDC.dll
0x00007ffb9a3c0000 - 0x00007ffb9a3db000 	C:\WINDOWS\SYSTEM32\kernel.appcore.dll
0x00007ffb8ca60000 - 0x00007ffb8ca6a000 	c:\Users\Mohammadtaijim\.vscode\extensions\redhat.java-1.55.0-win32-x64\jre\21.0.11-win32-x86_64\bin\jimage.dll
0x00007ffb8cd80000 - 0x00007ffb8cfc2000 	C:\WINDOWS\SYSTEM32\DBGHELP.DLL
0x00007ffb9c2f0000 - 0x00007ffb9c675000 	C:\WINDOWS\System32\combase.dll
0x00007ffb9d6a0000 - 0x00007ffb9d779000 	C:\WINDOWS\System32\OLEAUT32.dll
0x00007ffb8df30000 - 0x00007ffb8df6b000 	C:\WINDOWS\SYSTEM32\dbgcore.DLL
0x00007ffb9b9f0000 - 0x00007ffb9ba9c000 	C:\WINDOWS\System32\bcryptPrimitives.dll
0x00007ffb8b8b0000 - 0x00007ffb8b8bf000 	c:\Users\Mohammadtaijim\.vscode\extensions\redhat.java-1.55.0-win32-x64\jre\21.0.11-win32-x86_64\bin\instrument.dll
0x00007ffb6acd0000 - 0x00007ffb6acf0000 	c:\Users\Mohammadtaijim\.vscode\extensions\redhat.java-1.55.0-win32-x64\jre\21.0.11-win32-x86_64\bin\java.dll
0x00007ffb6ab60000 - 0x00007ffb6ab78000 	c:\Users\Mohammadtaijim\.vscode\extensions\redhat.java-1.55.0-win32-x64\jre\21.0.11-win32-x86_64\bin\zip.dll

JVMTI agents:
c:\Users\Mohammadtaijim\.vscode\extensions\redhat.java-1.55.0-win32-x64\lombok\lombok-1.18.39-4050.jar path:none, loaded, not initialized, instrumentlib options:none

dbghelp: loaded successfully - version: 4.0.5 - missing functions: none
symbol engine: initialized successfully - sym options: 0x614 - pdb path: .;c:\Users\Mohammadtaijim\.vscode\extensions\redhat.java-1.55.0-win32-x64\jre\21.0.11-win32-x86_64\bin;C:\WINDOWS\SYSTEM32;C:\WINDOWS\WinSxS\amd64_microsoft.windows.common-controls_6595b64144ccf1df_6.0.26100.8972_none_3e0da176e32f9d4b;c:\Users\Mohammadtaijim\.vscode\extensions\redhat.java-1.55.0-win32-x64\jre\21.0.11-win32-x86_64\bin\server

VM Arguments:
jvm_args: --add-modules=ALL-SYSTEM --add-opens=java.base/java.util=ALL-UNNAMED --add-opens=java.base/java.lang=ALL-UNNAMED --add-opens=java.base/sun.nio.fs=ALL-UNNAMED -Declipse.application=org.eclipse.jdt.ls.core.id1 -Dosgi.bundles.defaultStartLevel=4 -Declipse.product=org.eclipse.jdt.ls.core.product -Djava.import.generatesMetadataFilesAtProjectRoot=false -DDetectVMInstallationsJob.disabled=true -Dfile.encoding=utf8 -XX:+UseParallelGC -XX:GCTimeRatio=4 -XX:AdaptiveSizePolicyWeight=90 -Dsun.zip.disableMemoryMapping=true -Xmx2G -Xms100m -Xlog:disable -javaagent:c:\Users\Mohammadtaijim\.vscode\extensions\redhat.java-1.55.0-win32-x64\lombok\lombok-1.18.39-4050.jar -XX:+HeapDumpOnOutOfMemoryError -XX:HeapDumpPath=c:\Users\Mohammadtaijim\AppData\Roaming\Code\User\workspaceStorage\40187ffb2bf2468e38869638b7ff3013\redhat.java -Daether.dependencyCollector.impl=bf 
java_command: c:\Users\Mohammadtaijim\.vscode\extensions\redhat.java-1.55.0-win32-x64\server\plugins\org.eclipse.equinox.launcher_1.7.200.v20260619-2039.jar -configuration c:\Users\Mohammadtaijim\AppData\Roaming\Code\User\globalStorage\redhat.java\1.55.0\config_win -data c:\Users\Mohammadtaijim\AppData\Roaming\Code\User\workspaceStorage\40187ffb2bf2468e38869638b7ff3013\redhat.java\jdt_ws --pipe=\\.\pipe\lsp-ae72b947c930fcefd5d74e70edb016fd-sock
java_class_path (initial): c:\Users\Mohammadtaijim\.vscode\extensions\redhat.java-1.55.0-win32-x64\server\plugins\org.eclipse.equinox.launcher_1.7.200.v20260619-2039.jar
Launcher Type: SUN_STANDARD

[Global flags]
    uintx AdaptiveSizePolicyWeight                 = 90                                        {product} {command line}
     intx CICompilerCount                          = 4                                         {product} {ergonomic}
    uintx GCTimeRatio                              = 4                                         {product} {command line}
     bool HeapDumpOnOutOfMemoryError               = true                                   {manageable} {command line}
    ccstr HeapDumpPath                             = c:\Users\Mohammadtaijim\AppData\Roaming\Code\User\workspaceStorage\40187ffb2bf2468e38869638b7ff3013\redhat.java         {manageable} {command line}
   size_t InitialHeapSize                          = 104857600                                 {product} {command line}
   size_t MaxHeapSize                              = 2147483648                                {product} {command line}
   size_t MaxNewSize                               = 715653120                                 {product} {ergonomic}
   size_t MinHeapDeltaBytes                        = 524288                                    {product} {ergonomic}
   size_t MinHeapSize                              = 104857600                                 {product} {command line}
   size_t NewSize                                  = 34603008                                  {product} {ergonomic}
    uintx NonNMethodCodeHeapSize                   = 5839372                                {pd product} {ergonomic}
    uintx NonProfiledCodeHeapSize                  = 122909434                              {pd product} {ergonomic}
   size_t OldSize                                  = 70254592                                  {product} {ergonomic}
    uintx ProfiledCodeHeapSize                     = 122909434                              {pd product} {ergonomic}
    uintx ReservedCodeCacheSize                    = 251658240                              {pd product} {ergonomic}
     bool SegmentedCodeCache                       = true                                      {product} {ergonomic}
   size_t SoftMaxHeapSize                          = 2147483648                             {manageable} {ergonomic}
     bool UseCompressedOops                        = true                           {product lp64_product} {ergonomic}
     bool UseLargePagesIndividualAllocation        = false                                  {pd product} {ergonomic}
     bool UseParallelGC                            = true                                      {product} {command line}

Logging:
Log output configuration:
 #0: stdout all=off uptime,level,tags foldmultilines=false
 #1: stderr all=off uptime,level,tags foldmultilines=false

Release file:
<release file has not been read>
Environment Variables:
JAVA_HOME=C:\Program Files\Java\jdk-21
PATH=C:\Program Files\Common Files\Oracle\Java\javapath;C:\windows\system32;C:\windows;C:\windows\System32\Wbem;C:\windows\System32\WindowsPowerShell\v1.0\;C:\windows\System32\OpenSSH\;C:\Program Files (x86)\NVIDIA Corporation\PhysX\Common;C:\Program Files\NVIDIA Corporation\NVIDIA NvDLISR;C:\Users\Administrator\AppData\Local\Microsoft\WindowsApps;C:\Program Files\HP\OMEN-Broadcast\Common;C:\MinGW\bin;C:\WINDOWS\system32;C:\WINDOWS;C:\WINDOWS\System32\Wbem;C:\WINDOWS\System32\WindowsPowerShell\v1.0\;C:\WINDOWS\System32\OpenSSH\;C:\Program Files\nodejs\;C:\Program Files\Git\cmd;C:\Program Files (x86)\Microsoft SQL Server\160\Tools\Binn\;C:\Program Files\Microsoft SQL Server\160\Tools\Binn\;C:\Program Files\Microsoft SQL Server\Client SDK\ODBC\170\Tools\Binn\;C:\Program Files\Microsoft SQL Server\160\DTS\Binn\;C:\Program Files\cursor\resources\app\bin;C:\Program Files\apache-maven-3.9.14\bin;C:\Program Files\MySQL\MySQL Shell 8.0\bin\;C:\Users\Mohammadtaijim\AppData\Local\Programs\Python\Python313\Scripts\;C:\Users\Mohammadtaijim\AppData\Local\Programs\Python\Python313\;C:\Users\Mohammadtaijim\AppData\Local\Microsoft\WindowsApps;C:\Users\Mohammadtaijim\AppData\Local\Programs\Microsoft VS Code\bin;C:\Program Files\Java\jdk-21\bin;C:\Users\Mohammadtaijim\AppData\Roaming\npm;C:\Program Files\MongoDB\Server\8.2\bin;C:\Users\Mohammadtaijim\AppData\Local\Programs\mongosh\;C:\Users\Mohammadtaijim\Downloads\mongosh-2.8.2-win32-x64\mongosh-2.8.2-win32-x64\bin;C:\Users\Mohammadtaijim\AppData\Local\Programs\Antigravity IDE\bin;C:\Users\Mohammadtaijim\AppData\Local\Programs\DockerDesktop\resources\bin
USERNAME=Mohammadtaijim
OS=Windows_NT
PROCESSOR_IDENTIFIER=AMD64 Family 25 Model 68 Stepping 1, AuthenticAMD
TMP=C:\Users\MOHAMM~1\AppData\Local\Temp
TEMP=C:\Users\MOHAMM~1\AppData\Local\Temp




Periodic native trim disabled

---------------  S Y S T E M  ---------------

OS:
 Windows 11 , 64 bit Build 26100 (10.0.26100.9168)
OS uptime: 3 days 13:42 hours
Hyper-V role detected

CPU: total 12 (initial active 12) (12 cores per cpu, 2 threads per core) family 25 model 68 stepping 1 microcode 0xa40410a, cx8, cmov, fxsr, ht, mmx, 3dnowpref, sse, sse2, sse3, ssse3, sse4a, sse4.1, sse4.2, popcnt, lzcnt, tsc, tscinvbit, avx, avx2, aes, erms, clmul, bmi1, bmi2, adx, sha, fma, vzeroupper, clflush, clflushopt, hv, rdtscp, rdpid, fsrm, f16c, cet_ss
Processor Information for the first 12 processors :
  Max Mhz: 3301, Current Mhz: 2496, Mhz Limit: 3301

Memory: 4k page, system-wide physical 7381M (482M free)
TotalPageFile size 29909M (AvailPageFile size 0M)
current process WorkingSet (physical memory assigned to process): 18M, peak: 18M
current process commit charge ("private bytes"): 201M, peak: 202M

vm_info: OpenJDK 64-Bit Server VM (21.0.11+10-LTS) for windows-amd64 JRE (21.0.11+10-LTS), built on 2026-04-21T00:00:00Z by "admin" with MS VC++ 17.12 (VS2022)

END.
