#
# There is insufficient memory for the Java Runtime Environment to continue.
# Native memory allocation (malloc) failed to allocate 952816 bytes. Error detail: Chunk::new
# Possible reasons:
#   The system is out of physical RAM or swap space
#   This process is running with CompressedOops enabled, and the Java Heap may be blocking the growth of the native heap
# Possible solutions:
#   Reduce memory load on the system
#   Increase physical memory or swap space
#   Check if swap backing store is full
#   Decrease Java heap size (-Xmx/-Xms)
#   Decrease number of Java threads
#   Decrease Java thread stack sizes (-Xss)
#   Set larger code cache with -XX:ReservedCodeCacheSize=
#   JVM is running with Unscaled Compressed Oops mode in which the Java heap is
#     placed in the first 4GB address space. The Java Heap base address is the
#     maximum limit for the native heap growth. Please use -XX:HeapBaseMinAddress
#     to set the Java Heap base and to place the Java Heap above 4GB virtual address.
# This output file may be truncated or incomplete.
#
#  Out of Memory Error (arena.cpp:168), pid=2836, tid=26420
#
# JRE version: OpenJDK Runtime Environment Temurin-21.0.11+10 (21.0.11+10) (build 21.0.11+10-LTS)
# Java VM: OpenJDK 64-Bit Server VM Temurin-21.0.11+10 (21.0.11+10-LTS, mixed mode, sharing, tiered, compressed oops, compressed class ptrs, parallel gc, windows-amd64)
# No core dump will be written. Minidumps are not enabled by default on client versions of Windows
#

---------------  S U M M A R Y ------------

Command Line: --add-modules=ALL-SYSTEM --add-opens=java.base/java.util=ALL-UNNAMED --add-opens=java.base/java.lang=ALL-UNNAMED --add-opens=java.base/sun.nio.fs=ALL-UNNAMED -Declipse.application=org.eclipse.jdt.ls.core.id1 -Dosgi.bundles.defaultStartLevel=4 -Declipse.product=org.eclipse.jdt.ls.core.product -Djava.import.generatesMetadataFilesAtProjectRoot=false -DDetectVMInstallationsJob.disabled=true -Dfile.encoding=utf8 -XX:+UseParallelGC -XX:GCTimeRatio=4 -XX:AdaptiveSizePolicyWeight=90 -Dsun.zip.disableMemoryMapping=true -Xmx2G -Xms100m -Xlog:disable -javaagent:c:\Users\Mohammadtaijim\.vscode\extensions\redhat.java-1.55.0-win32-x64\lombok\lombok-1.18.39-4050.jar c:\Users\Mohammadtaijim\.vscode\extensions\redhat.java-1.55.0-win32-x64\server\plugins\org.eclipse.equinox.launcher_1.7.200.v20260619-2039.jar -configuration c:\Users\Mohammadtaijim\AppData\Roaming\Code\User\globalStorage\redhat.java\1.55.0\config_ss_win -data c:\Users\Mohammadtaijim\AppData\Roaming\Code\User\workspaceStorage\40187ffb2bf2468e38869638b7ff3013\redhat.java\ss_ws --pipe=\\.\pipe\lsp-47b84b3d73374d29a78f35649d912c45-sock

Host: AMD Ryzen 5 7535HS with Radeon Graphics        , 12 cores, 7G,  Windows 11 , 64 bit Build 26100 (10.0.26100.9168)
Time: Wed Aug 26 02:12:24 2026 India Standard Time elapsed time: 29.783549 seconds (0d 0h 0m 29s)

---------------  T H R E A D  ---------------

Current thread (0x00000253f192ec70):  JavaThread "C2 CompilerThread0" daemon [_thread_in_native, id=26420, stack(0x000000bffa100000,0x000000bffa200000) (1024K)]


Current CompileTask:
C2:29783 2611       4       java.lang.invoke.MethodType::makeImpl (109 bytes)

Stack: [0x000000bffa100000,0x000000bffa200000]
Native frames: (J=compiled Java code, j=interpreted, Vv=VM code, C=native code)
V  [jvm.dll+0x6d7e19]
V  [jvm.dll+0x8b5096]
V  [jvm.dll+0x8b764e]
V  [jvm.dll+0x8b7d33]
V  [jvm.dll+0x284596]
V  [jvm.dll+0xc685d]
V  [jvm.dll+0xc6da1]
V  [jvm.dll+0x2fb4ee]
V  [jvm.dll+0x5fe9a4]
V  [jvm.dll+0x255d67]
V  [jvm.dll+0x25612d]
V  [jvm.dll+0x24e6a0]
V  [jvm.dll+0x24bbe6]
V  [jvm.dll+0x1cb4ae]
V  [jvm.dll+0x25baad]
V  [jvm.dll+0x25a03a]
V  [jvm.dll+0x3f868e]
V  [jvm.dll+0x85fb0d]
V  [jvm.dll+0x6d664d]
C  [ucrtbase.dll+0x2cd30]
C  [KERNEL32.DLL+0x2ccb7]
C  [ntdll.dll+0xaad6c]


---------------  P R O C E S S  ---------------

Threads class SMR info:
_java_thread_list=0x00000253f68266d0, length=19, elements={
0x00000253d9063010, 0x00000253f19144b0, 0x00000253f1915270, 0x00000253f191bce0,
0x00000253f191cbd0, 0x00000253f19231a0, 0x00000253f1929640, 0x00000253f192ec70,
0x00000253f19313e0, 0x00000253f1b1fb80, 0x00000253f6043ad0, 0x00000253f66fc8e0,
0x00000253f672bcf0, 0x00000253f6839640, 0x00000253f67dca30, 0x00000253f68c4480,
0x00000253f19e9210, 0x00000253f660fef0, 0x00000253f1b87e20
}

Java Threads: ( => current thread )
  0x00000253d9063010 JavaThread "main"                              [_thread_blocked, id=31680, stack(0x000000bff9700000,0x000000bff9800000) (1024K)]
  0x00000253f19144b0 JavaThread "Reference Handler"          daemon [_thread_blocked, id=11808, stack(0x000000bff9b00000,0x000000bff9c00000) (1024K)]
  0x00000253f1915270 JavaThread "Finalizer"                  daemon [_thread_blocked, id=27428, stack(0x000000bff9c00000,0x000000bff9d00000) (1024K)]
  0x00000253f191bce0 JavaThread "Signal Dispatcher"          daemon [_thread_blocked, id=37012, stack(0x000000bff9d00000,0x000000bff9e00000) (1024K)]
  0x00000253f191cbd0 JavaThread "Attach Listener"            daemon [_thread_blocked, id=38424, stack(0x000000bff9e00000,0x000000bff9f00000) (1024K)]
  0x00000253f19231a0 JavaThread "Service Thread"             daemon [_thread_blocked, id=30612, stack(0x000000bff9f00000,0x000000bffa000000) (1024K)]
  0x00000253f1929640 JavaThread "Monitor Deflation Thread"   daemon [_thread_blocked, id=32228, stack(0x000000bffa000000,0x000000bffa100000) (1024K)]
=>0x00000253f192ec70 JavaThread "C2 CompilerThread0"         daemon [_thread_in_native, id=26420, stack(0x000000bffa100000,0x000000bffa200000) (1024K)]
  0x00000253f19313e0 JavaThread "C1 CompilerThread0"         daemon [_thread_blocked, id=17740, stack(0x000000bffa200000,0x000000bffa300000) (1024K)]
  0x00000253f1b1fb80 JavaThread "Common-Cleaner"             daemon [_thread_blocked, id=21316, stack(0x000000bffa300000,0x000000bffa400000) (1024K)]
  0x00000253f6043ad0 JavaThread "Notification Thread"        daemon [_thread_blocked, id=12196, stack(0x000000bffa500000,0x000000bffa600000) (1024K)]
  0x00000253f66fc8e0 JavaThread "Active Thread: Equinox Container: 4d560dc9-1df0-49a5-a4fe-b04536a4fec7"        [_thread_blocked, id=31784, stack(0x000000bffac00000,0x000000bffad00000) (1024K)]
  0x00000253f672bcf0 JavaThread "Framework Event Dispatcher: Equinox Container: 4d560dc9-1df0-49a5-a4fe-b04536a4fec7" daemon [_thread_blocked, id=26892, stack(0x000000bffa400000,0x000000bffa500000) (1024K)]
  0x00000253f6839640 JavaThread "Start Level: Equinox Container: 4d560dc9-1df0-49a5-a4fe-b04536a4fec7" daemon [_thread_in_Java, id=29416, stack(0x000000bffad00000,0x000000bffae00000) (1024K)]
  0x00000253f67dca30 JavaThread "SCR Component Actor"        daemon [_thread_blocked, id=6284, stack(0x000000bffaf00000,0x000000bffb000000) (1024K)]
  0x00000253f68c4480 JavaThread "Worker-JM"                         [_thread_blocked, id=16408, stack(0x000000bffb000000,0x000000bffb100000) (1024K)]
  0x00000253f19e9210 JavaThread "JNA Cleaner"                daemon [_thread_blocked, id=14220, stack(0x000000bffb300000,0x000000bffb400000) (1024K)]
  0x00000253f660fef0 JavaThread "Worker-0"                          [_thread_blocked, id=5140, stack(0x000000bffb400000,0x000000bffb500000) (1024K)]
  0x00000253f1b87e20 JavaThread "Worker-1"                          [_thread_blocked, id=36508, stack(0x000000bffb500000,0x000000bffb600000) (1024K)]
Total: 19

Other Threads:
  0x00000253d8ff6970 VMThread "VM Thread"                           [id=11736, stack(0x000000bff9a00000,0x000000bff9b00000) (1024K)]
  0x00000253d8eeba00 WatcherThread "VM Periodic Task Thread"        [id=12992, stack(0x000000bff9900000,0x000000bff9a00000) (1024K)]
  0x00000253d9080ff0 WorkerThread "GC Thread#0"                     [id=37376, stack(0x000000bff9800000,0x000000bff9900000) (1024K)]
  0x00000253f6130f20 WorkerThread "GC Thread#1"                     [id=11964, stack(0x000000bffa600000,0x000000bffa700000) (1024K)]
  0x00000253f61312d0 WorkerThread "GC Thread#2"                     [id=19724, stack(0x000000bffa700000,0x000000bffa800000) (1024K)]
  0x00000253f66adfa0 WorkerThread "GC Thread#3"                     [id=23920, stack(0x000000bffa800000,0x000000bffa900000) (1024K)]
  0x00000253f67f3f10 WorkerThread "GC Thread#4"                     [id=39284, stack(0x000000bffa900000,0x000000bffaa00000) (1024K)]
  0x00000253f67f42c0 WorkerThread "GC Thread#5"                     [id=24744, stack(0x000000bffaa00000,0x000000bffab00000) (1024K)]
  0x00000253f644c060 WorkerThread "GC Thread#6"                     [id=36204, stack(0x000000bffab00000,0x000000bffac00000) (1024K)]
  0x00000253f682b210 WorkerThread "GC Thread#7"                     [id=27660, stack(0x000000bffae00000,0x000000bffaf00000) (1024K)]
  0x00000253f689c980 WorkerThread "GC Thread#8"                     [id=35428, stack(0x000000bffb100000,0x000000bffb200000) (1024K)]
  0x00000253f692e1c0 WorkerThread "GC Thread#9"                     [id=31860, stack(0x000000bffb200000,0x000000bffb300000) (1024K)]
Total: 12

Threads with active compile tasks:
C2 CompilerThread0  29841 2611       4       java.lang.invoke.MethodType::makeImpl (109 bytes)
Total: 1

VM state: not at safepoint (normal execution)

VM Mutex/Monitor currently owned by a thread:  ([mutex/lock_event])
[0x00007ffafd10e070] MethodCompileQueue_lock - owner thread: 0x0000000000000000

Heap address: 0x0000000080000000, size: 2048 MB, Compressed Oops mode: 32-bit

CDS archive(s) mapped at: [0x0000025380000000-0x0000025380ba0000-0x0000025380ba0000), size 12189696, SharedBaseAddress: 0x0000025380000000, ArchiveRelocationMode: 1.
Compressed class space mapped at: 0x0000025381000000-0x00000253c1000000, reserved size: 1073741824
Narrow klass base: 0x0000025380000000, Narrow klass shift: 0, Narrow klass range: 0x100000000

GC Precious Log:
 CardTable entry size: 512
 CPUs: 12 total, 12 available
 Memory: 7381M
 Large Page Support: Disabled
 NUMA Support: Disabled
 Compressed Oops: Enabled (32-bit)
 Alignments: Space 512K, Generation 512K, Heap 2M
 Heap Min Capacity: 100M
 Heap Initial Capacity: 100M
 Heap Max Capacity: 2G
 Pre-touch: Disabled
 Parallel Workers: 10

Heap:
 PSYoungGen      total 29696K, used 9154K [0x00000000d5580000, 0x00000000d7680000, 0x0000000100000000)
  eden space 25600K, 19% used [0x00000000d5580000,0x00000000d5a73148,0x00000000d6e80000)
  from space 4096K, 99% used [0x00000000d7280000,0x00000000d767d9b8,0x00000000d7680000)
  to   space 4096K, 0% used [0x00000000d6e80000,0x00000000d6e80000,0x00000000d7280000)
 ParOldGen       total 68608K, used 5576K [0x0000000080000000, 0x0000000084300000, 0x00000000d5580000)
  object space 68608K, 8% used [0x0000000080000000,0x00000000805720e0,0x0000000084300000)
 Metaspace       used 17486K, committed 18112K, reserved 1114112K
  class space    used 1831K, committed 2112K, reserved 1048576K

Card table byte_map: [0x00000253d8a00000,0x00000253d8e10000] _byte_map_base: 0x00000253d8600000

Marking Bits: (ParMarkBitMap*) 0x00007ffafd114460
 Begin Bits: [0x00000253eb510000, 0x00000253ed510000)
 End Bits:   [0x00000253ed510000, 0x00000253ef510000)

Polling page: 0x00000253d6e70000

Metaspace:

Usage:
  Non-class:     15.29 MB used.
      Class:      1.79 MB used.
       Both:     17.08 MB used.

Virtual space:
  Non-class space:       64.00 MB reserved,      15.62 MB ( 24%) committed,  1 nodes.
      Class space:        1.00 GB reserved,       2.06 MB ( <1%) committed,  1 nodes.
             Both:        1.06 GB reserved,      17.69 MB (  2%) committed. 

Chunk freelists:
   Non-Class:  0 bytes
       Class:  13.77 MB
        Both:  13.77 MB

MaxMetaspaceSize: unlimited
CompressedClassSpaceSize: 1.00 GB
Initial GC threshold: 21.00 MB
Current GC threshold: 21.00 MB
CDS: on
 - commit_granule_bytes: 65536.
 - commit_granule_words: 8192.
 - virtual_space_node_default_size: 8388608.
 - enlarge_chunks_in_place: 1.
 - use_allocation_guard: 0.


Internal statistics:

num_allocs_failed_limit: 0.
num_arena_births: 506.
num_arena_deaths: 0.
num_vsnodes_births: 2.
num_vsnodes_deaths: 0.
num_space_committed: 283.
num_space_uncommitted: 0.
num_chunks_returned_to_freelist: 0.
num_chunks_taken_from_freelist: 1177.
num_chunk_merges: 0.
num_chunk_splits: 734.
num_chunks_enlarged: 450.
num_inconsistent_stats: 0.

CodeHeap 'non-profiled nmethods': size=120000Kb used=1056Kb max_used=1056Kb free=118943Kb
 bounds [0x00000253e3d30000, 0x00000253e3fa0000, 0x00000253eb260000]
CodeHeap 'profiled nmethods': size=120000Kb used=5175Kb max_used=5175Kb free=114824Kb
 bounds [0x00000253dc260000, 0x00000253dc770000, 0x00000253e3790000]
CodeHeap 'non-nmethods': size=5760Kb used=1273Kb max_used=1288Kb free=4486Kb
 bounds [0x00000253e3790000, 0x00000253e3a00000, 0x00000253e3d30000]
CodeCache: size=245760Kb, used=7504Kb, max_used=7519Kb, free=238253Kb
 total_blobs=3203, nmethods=2653, adapters=456, full_count=0
Compilation: enabled, stopped_count=0, restarted_count=0

Compilation events (20 events):
Event: 24.716 Thread 0x00000253f19313e0 nmethod 2644 0x00000253dc75fb90 code [0x00000253dc760300, 0x00000253dc7647a0]
Event: 24.717 Thread 0x00000253f19313e0 2650       3       org.lombokweb.asm.MethodWriter::<init> (232 bytes)
Event: 24.719 Thread 0x00000253f19313e0 nmethod 2650 0x00000253dc766390 code [0x00000253dc766620, 0x00000253dc767178]
Event: 24.719 Thread 0x00000253f19313e0 2647       3       org.lombokweb.asm.MethodWriter::computeMethodInfoSize (571 bytes)
Event: 24.721 Thread 0x00000253f19313e0 nmethod 2647 0x00000253dc767690 code [0x00000253dc7679c0, 0x00000253dc768878]
Event: 24.721 Thread 0x00000253f19313e0 2645       3       org.lombokweb.asm.MethodVisitor::<init> (79 bytes)
Event: 24.722 Thread 0x00000253f19313e0 nmethod 2645 0x00000253dc768f10 code [0x00000253dc769160, 0x00000253dc769a10]
Event: 24.722 Thread 0x00000253f19313e0 2649       3       org.lombokweb.asm.ClassWriter::visitMethod (57 bytes)
Event: 24.722 Thread 0x00000253f19313e0 nmethod 2649 0x00000253dc769d10 code [0x00000253dc769ec0, 0x00000253dc76a158]
Event: 24.722 Thread 0x00000253f19313e0 2651       3       org.lombokweb.asm.MethodVisitor::<init> (7 bytes)
Event: 24.723 Thread 0x00000253f19313e0 nmethod 2651 0x00000253dc76a290 code [0x00000253dc76a440, 0x00000253dc76a588]
Event: 24.734 Thread 0x00000253f19313e0 2652       1       org.eclipse.core.internal.dtree.DataTreeNode::hasData (2 bytes)
Event: 24.734 Thread 0x00000253f19313e0 nmethod 2652 0x00000253e3e37d90 code [0x00000253e3e37f20, 0x00000253e3e37fe8]
Event: 24.734 Thread 0x00000253f19313e0 2653       1       org.eclipse.core.internal.dtree.DataTreeNode::getData (5 bytes)
Event: 24.734 Thread 0x00000253f19313e0 nmethod 2653 0x00000253e3e38090 code [0x00000253e3e38220, 0x00000253e3e382e8]
Event: 25.720 Thread 0x00000253f19313e0 2654       3       org.osgi.util.tracker.ServiceTracker::getService (33 bytes)
Event: 25.720 Thread 0x00000253f19313e0 nmethod 2654 0x00000253dc76a610 code [0x00000253dc76a800, 0x00000253dc76ae98]
Event: 26.052 Thread 0x00000253f19313e0 2655       3       java.lang.Thread::onSpinWait (1 bytes)
Event: 26.053 Thread 0x00000253f19313e0 nmethod 2655 0x00000253dc76b110 code [0x00000253dc76b2a0, 0x00000253dc76b388]
Event: 26.674 Thread 0x00000253f19313e0 2656   !   3       java.util.concurrent.locks.LockSupport::parkNanos (56 bytes)

GC Heap History (8 events):
Event: 4.112 GC heap before
{Heap before GC invocations=1 (full 0):
 PSYoungGen      total 29696K, used 25600K [0x00000000d5580000, 0x00000000d7680000, 0x0000000100000000)
  eden space 25600K, 100% used [0x00000000d5580000,0x00000000d6e80000,0x00000000d6e80000)
  from space 4096K, 0% used [0x00000000d7280000,0x00000000d7280000,0x00000000d7680000)
  to   space 4096K, 0% used [0x00000000d6e80000,0x00000000d6e80000,0x00000000d7280000)
 ParOldGen       total 68608K, used 0K [0x0000000080000000, 0x0000000084300000, 0x00000000d5580000)
  object space 68608K, 0% used [0x0000000080000000,0x0000000080000000,0x0000000084300000)
 Metaspace       used 4360K, committed 4608K, reserved 1114112K
  class space    used 475K, committed 576K, reserved 1048576K
}
Event: 4.122 GC heap after
{Heap after GC invocations=1 (full 0):
 PSYoungGen      total 29696K, used 3287K [0x00000000d5580000, 0x00000000d7680000, 0x0000000100000000)
  eden space 25600K, 0% used [0x00000000d5580000,0x00000000d5580000,0x00000000d6e80000)
  from space 4096K, 80% used [0x00000000d6e80000,0x00000000d71b5ea8,0x00000000d7280000)
  to   space 4096K, 0% used [0x00000000d7280000,0x00000000d7280000,0x00000000d7680000)
 ParOldGen       total 68608K, used 16K [0x0000000080000000, 0x0000000084300000, 0x00000000d5580000)
  object space 68608K, 0% used [0x0000000080000000,0x0000000080004000,0x0000000084300000)
 Metaspace       used 4360K, committed 4608K, reserved 1114112K
  class space    used 475K, committed 576K, reserved 1048576K
}
Event: 12.559 GC heap before
{Heap before GC invocations=2 (full 0):
 PSYoungGen      total 29696K, used 28887K [0x00000000d5580000, 0x00000000d7680000, 0x0000000100000000)
  eden space 25600K, 100% used [0x00000000d5580000,0x00000000d6e80000,0x00000000d6e80000)
  from space 4096K, 80% used [0x00000000d6e80000,0x00000000d71b5ea8,0x00000000d7280000)
  to   space 4096K, 0% used [0x00000000d7280000,0x00000000d7280000,0x00000000d7680000)
 ParOldGen       total 68608K, used 16K [0x0000000080000000, 0x0000000084300000, 0x00000000d5580000)
  object space 68608K, 0% used [0x0000000080000000,0x0000000080004000,0x0000000084300000)
 Metaspace       used 8146K, committed 8384K, reserved 1114112K
  class space    used 862K, committed 960K, reserved 1048576K
}
Event: 12.567 GC heap after
{Heap after GC invocations=2 (full 0):
 PSYoungGen      total 29696K, used 4092K [0x00000000d5580000, 0x00000000d7680000, 0x0000000100000000)
  eden space 25600K, 0% used [0x00000000d5580000,0x00000000d5580000,0x00000000d6e80000)
  from space 4096K, 99% used [0x00000000d7280000,0x00000000d767f000,0x00000000d7680000)
  to   space 4096K, 0% used [0x00000000d6e80000,0x00000000d6e80000,0x00000000d7280000)
 ParOldGen       total 68608K, used 1053K [0x0000000080000000, 0x0000000084300000, 0x00000000d5580000)
  object space 68608K, 1% used [0x0000000080000000,0x00000000801076b8,0x0000000084300000)
 Metaspace       used 8146K, committed 8384K, reserved 1114112K
  class space    used 862K, committed 960K, reserved 1048576K
}
Event: 13.701 GC heap before
{Heap before GC invocations=3 (full 0):
 PSYoungGen      total 29696K, used 29692K [0x00000000d5580000, 0x00000000d7680000, 0x0000000100000000)
  eden space 25600K, 100% used [0x00000000d5580000,0x00000000d6e80000,0x00000000d6e80000)
  from space 4096K, 99% used [0x00000000d7280000,0x00000000d767f000,0x00000000d7680000)
  to   space 4096K, 0% used [0x00000000d6e80000,0x00000000d6e80000,0x00000000d7280000)
 ParOldGen       total 68608K, used 1053K [0x0000000080000000, 0x0000000084300000, 0x00000000d5580000)
  object space 68608K, 1% used [0x0000000080000000,0x00000000801076b8,0x0000000084300000)
 Metaspace       used 13001K, committed 13568K, reserved 1114112K
  class space    used 1374K, committed 1600K, reserved 1048576K
}
Event: 13.706 GC heap after
{Heap after GC invocations=3 (full 0):
 PSYoungGen      total 29696K, used 4092K [0x00000000d5580000, 0x00000000d7680000, 0x0000000100000000)
  eden space 25600K, 0% used [0x00000000d5580000,0x00000000d5580000,0x00000000d6e80000)
  from space 4096K, 99% used [0x00000000d6e80000,0x00000000d727f3e8,0x00000000d7280000)
  to   space 4096K, 0% used [0x00000000d7280000,0x00000000d7280000,0x00000000d7680000)
 ParOldGen       total 68608K, used 2814K [0x0000000080000000, 0x0000000084300000, 0x00000000d5580000)
  object space 68608K, 4% used [0x0000000080000000,0x00000000802bfa90,0x0000000084300000)
 Metaspace       used 13001K, committed 13568K, reserved 1114112K
  class space    used 1374K, committed 1600K, reserved 1048576K
}
Event: 24.689 GC heap before
{Heap before GC invocations=4 (full 0):
 PSYoungGen      total 29696K, used 29685K [0x00000000d5580000, 0x00000000d7680000, 0x0000000100000000)
  eden space 25600K, 99% used [0x00000000d5580000,0x00000000d6e7e1b8,0x00000000d6e80000)
  from space 4096K, 99% used [0x00000000d6e80000,0x00000000d727f3e8,0x00000000d7280000)
  to   space 4096K, 0% used [0x00000000d7280000,0x00000000d7280000,0x00000000d7680000)
 ParOldGen       total 68608K, used 2814K [0x0000000080000000, 0x0000000084300000, 0x00000000d5580000)
  object space 68608K, 4% used [0x0000000080000000,0x00000000802bfa90,0x0000000084300000)
 Metaspace       used 16817K, committed 17472K, reserved 1114112K
  class space    used 1771K, committed 2048K, reserved 1048576K
}
Event: 24.694 GC heap after
{Heap after GC invocations=4 (full 0):
 PSYoungGen      total 29696K, used 4086K [0x00000000d5580000, 0x00000000d7680000, 0x0000000100000000)
  eden space 25600K, 0% used [0x00000000d5580000,0x00000000d5580000,0x00000000d6e80000)
  from space 4096K, 99% used [0x00000000d7280000,0x00000000d767d9b8,0x00000000d7680000)
  to   space 4096K, 0% used [0x00000000d6e80000,0x00000000d6e80000,0x00000000d7280000)
 ParOldGen       total 68608K, used 5576K [0x0000000080000000, 0x0000000084300000, 0x00000000d5580000)
  object space 68608K, 8% used [0x0000000080000000,0x00000000805720e0,0x0000000084300000)
 Metaspace       used 16817K, committed 17472K, reserved 1114112K
  class space    used 1771K, committed 2048K, reserved 1048576K
}

Dll operation events (10 events):
Event: 0.018 Loaded shared library c:\Users\Mohammadtaijim\.vscode\extensions\redhat.java-1.55.0-win32-x64\jre\21.0.11-win32-x86_64\bin\java.dll
Event: 0.114 Loaded shared library c:\Users\Mohammadtaijim\.vscode\extensions\redhat.java-1.55.0-win32-x64\jre\21.0.11-win32-x86_64\bin\zip.dll
Event: 0.141 Loaded shared library C:\Users\Mohammadtaijim\.vscode\extensions\redhat.java-1.55.0-win32-x64\jre\21.0.11-win32-x86_64\bin\instrument.dll
Event: 0.148 Loaded shared library C:\Users\Mohammadtaijim\.vscode\extensions\redhat.java-1.55.0-win32-x64\jre\21.0.11-win32-x86_64\bin\net.dll
Event: 0.151 Loaded shared library C:\Users\Mohammadtaijim\.vscode\extensions\redhat.java-1.55.0-win32-x64\jre\21.0.11-win32-x86_64\bin\nio.dll
Event: 0.157 Loaded shared library C:\Users\Mohammadtaijim\.vscode\extensions\redhat.java-1.55.0-win32-x64\jre\21.0.11-win32-x86_64\bin\zip.dll
Event: 0.181 Loaded shared library C:\Users\Mohammadtaijim\.vscode\extensions\redhat.java-1.55.0-win32-x64\jre\21.0.11-win32-x86_64\bin\jimage.dll
Event: 0.283 Loaded shared library c:\Users\Mohammadtaijim\.vscode\extensions\redhat.java-1.55.0-win32-x64\jre\21.0.11-win32-x86_64\bin\verify.dll
Event: 12.479 Loaded shared library C:\Users\Mohammadtaijim\AppData\Roaming\Code\User\globalStorage\redhat.java\1.55.0\config_ss_win\org.eclipse.equinox.launcher\org.eclipse.equinox.launcher.win32.win32.x86_64_1.3.100.v20260613-0559\eclipse_11924.dll
Event: 18.081 Loaded shared library C:\Users\Mohammadtaijim\AppData\Local\Temp\jna--612607504\jna1552354442622725261.dll

Deoptimization events (20 events):
Event: 24.652 Thread 0x00000253f6839640 Uncommon trap: trap_request=0xffffff45 fr.pc=0x00000253e3e2aa40 relative=0x0000000000000b00
Event: 24.652 Thread 0x00000253f6839640 Uncommon trap: reason=unstable_if action=reinterpret pc=0x00000253e3e2aa40 method=jdk.internal.org.objectweb.asm.Frame.execute(IILjdk/internal/org/objectweb/asm/Symbol;Ljdk/internal/org/objectweb/asm/SymbolTable;)V @ 1 c2
Event: 24.652 Thread 0x00000253f6839640 DEOPT PACKING pc=0x00000253e3e2aa40 sp=0x000000bffadf7bd0
Event: 24.652 Thread 0x00000253f6839640 DEOPT UNPACKING pc=0x00000253e37e3aa2 sp=0x000000bffadf7b58 mode 2
Event: 24.688 Thread 0x00000253f6839640 Uncommon trap: trap_request=0xffffffde fr.pc=0x00000253e3e16d94 relative=0x00000000000003b4
Event: 24.688 Thread 0x00000253f6839640 Uncommon trap: reason=class_check action=maybe_recompile pc=0x00000253e3e16d94 method=java.util.regex.Pattern$BmpCharPropertyGreedy.match(Ljava/util/regex/Matcher;ILjava/lang/CharSequence;)Z @ 70 c2
Event: 24.688 Thread 0x00000253f6839640 DEOPT PACKING pc=0x00000253e3e16d94 sp=0x000000bffadef2f0
Event: 24.688 Thread 0x00000253f6839640 DEOPT UNPACKING pc=0x00000253e37e3aa2 sp=0x000000bffadef298 mode 2
Event: 24.688 Thread 0x00000253f6839640 Uncommon trap: trap_request=0xffffffde fr.pc=0x00000253e3e16d94 relative=0x00000000000003b4
Event: 24.688 Thread 0x00000253f6839640 Uncommon trap: reason=class_check action=maybe_recompile pc=0x00000253e3e16d94 method=java.util.regex.Pattern$BmpCharPropertyGreedy.match(Ljava/util/regex/Matcher;ILjava/lang/CharSequence;)Z @ 70 c2
Event: 24.688 Thread 0x00000253f6839640 DEOPT PACKING pc=0x00000253e3e16d94 sp=0x000000bffadef140
Event: 24.688 Thread 0x00000253f6839640 DEOPT UNPACKING pc=0x00000253e37e3aa2 sp=0x000000bffadef0e8 mode 2
Event: 24.688 Thread 0x00000253f6839640 Uncommon trap: trap_request=0xffffffde fr.pc=0x00000253e3e16d94 relative=0x00000000000003b4
Event: 24.688 Thread 0x00000253f6839640 Uncommon trap: reason=class_check action=maybe_recompile pc=0x00000253e3e16d94 method=java.util.regex.Pattern$BmpCharPropertyGreedy.match(Ljava/util/regex/Matcher;ILjava/lang/CharSequence;)Z @ 70 c2
Event: 24.688 Thread 0x00000253f6839640 DEOPT PACKING pc=0x00000253e3e16d94 sp=0x000000bffadef300
Event: 24.688 Thread 0x00000253f6839640 DEOPT UNPACKING pc=0x00000253e37e3aa2 sp=0x000000bffadef2a8 mode 2
Event: 24.688 Thread 0x00000253f6839640 Uncommon trap: trap_request=0xffffffde fr.pc=0x00000253e3e16d94 relative=0x00000000000003b4
Event: 24.688 Thread 0x00000253f6839640 Uncommon trap: reason=class_check action=maybe_recompile pc=0x00000253e3e16d94 method=java.util.regex.Pattern$BmpCharPropertyGreedy.match(Ljava/util/regex/Matcher;ILjava/lang/CharSequence;)Z @ 70 c2
Event: 24.688 Thread 0x00000253f6839640 DEOPT PACKING pc=0x00000253e3e16d94 sp=0x000000bffadef150
Event: 24.688 Thread 0x00000253f6839640 DEOPT UNPACKING pc=0x00000253e37e3aa2 sp=0x000000bffadef0f8 mode 2

Classes loaded (20 events):
Event: 24.598 Loading class java/net/Authenticator
Event: 24.598 Loading class java/net/Authenticator done
Event: 24.656 Loading class java/util/Collections$UnmodifiableSortedSet
Event: 24.657 Loading class java/util/Collections$UnmodifiableSortedSet done
Event: 24.670 Loading class java/util/zip/GZIPOutputStream
Event: 24.671 Loading class java/util/zip/GZIPOutputStream done
Event: 24.734 Loading class java/io/StringReader
Event: 24.734 Loading class java/io/StringReader done
Event: 24.740 Loading class java/util/zip/GZIPInputStream
Event: 24.741 Loading class java/util/zip/GZIPInputStream done
Event: 24.750 Loading class java/net/SocketTimeoutException
Event: 24.750 Loading class java/io/InterruptedIOException
Event: 24.750 Loading class java/io/InterruptedIOException done
Event: 24.750 Loading class java/net/SocketTimeoutException done
Event: 24.750 Loading class java/net/SocketException
Event: 24.750 Loading class java/net/SocketException done
Event: 24.750 Loading class java/net/UnknownHostException
Event: 24.752 Loading class java/net/UnknownHostException done
Event: 24.752 Loading class java/net/ProtocolException
Event: 24.752 Loading class java/net/ProtocolException done

Classes unloaded (0 events):
No events

Classes redefined (0 events):
No events

Internal exceptions (20 events):
Event: 18.166 Thread 0x00000253f6839640 Exception <a 'java/lang/NoSuchMethodError'{0x00000000d65f56e0}: 'void java.lang.invoke.DelegatingMethodHandle$Holder.reinvoke_L(java.lang.Object, java.lang.Object, int)'> (0x00000000d65f56e0) 
thrown [s\src\hotspot\share\interpreter\linkResolver.cpp, line 773]
Event: 18.167 Thread 0x00000253f6839640 Exception <a 'java/lang/NoSuchMethodError'{0x00000000d65fc3c8}: 'int java.lang.invoke.Invokers$Holder.invokeExact_MT(java.lang.Object, java.lang.Object, java.lang.Object)'> (0x00000000d65fc3c8) 
thrown [s\src\hotspot\share\interpreter\linkResolver.cpp, line 773]
Event: 18.195 Thread 0x00000253f6839640 Exception <a 'java/lang/NoSuchMethodError'{0x00000000d66c7260}: method resolution failed> (0x00000000d66c7260) 
thrown [s\src\hotspot\share\prims\methodHandles.cpp, line 1136]
Event: 19.227 Thread 0x00000253f6839640 Exception <a 'java/lang/NoSuchMethodError'{0x00000000d6733190}: 'void java.lang.invoke.Invokers$Holder.invokeExact_MT(java.lang.Object, java.lang.Object, int, java.lang.Object)'> (0x00000000d6733190) 
thrown [s\src\hotspot\share\interpreter\linkResolver.cpp, line 773]
Event: 23.421 Thread 0x00000253f6839640 Exception <a 'java/lang/NoSuchMethodError'{0x00000000d682f4a8}: 'java.lang.Object java.lang.invoke.DirectMethodHandle$Holder.invokeSpecial(java.lang.Object, java.lang.Object, java.lang.Object, long, java.lang.Object)'> (0x00000000d682f4a8) 
thrown [s\src\hotspot\share\interpreter\linkResolver.cpp, line 773]
Event: 23.423 Thread 0x00000253f6839640 Exception <a 'java/lang/NoSuchMethodError'{0x00000000d6836cf0}: 'java.lang.Object java.lang.invoke.DirectMethodHandle$Holder.newInvokeSpecial(java.lang.Object, java.lang.Object, java.lang.Object, long)'> (0x00000000d6836cf0) 
thrown [s\src\hotspot\share\interpreter\linkResolver.cpp, line 773]
Event: 23.424 Thread 0x00000253f6839640 Exception <a 'java/lang/NoSuchMethodError'{0x00000000d683b0a0}: 'java.lang.Object java.lang.invoke.DirectMethodHandle$Holder.invokeSpecial(java.lang.Object, java.lang.Object, java.lang.Object, java.lang.Object, long)'> (0x00000000d683b0a0) 
thrown [s\src\hotspot\share\interpreter\linkResolver.cpp, line 773]
Event: 23.424 Thread 0x00000253f6839640 Exception <a 'java/lang/NoSuchMethodError'{0x00000000d683ecc0}: 'java.lang.Object java.lang.invoke.Invokers$Holder.linkToTargetMethod(java.lang.Object, java.lang.Object, long, java.lang.Object)'> (0x00000000d683ecc0) 
thrown [s\src\hotspot\share\interpreter\linkResolver.cpp, line 773]
Event: 23.454 Thread 0x00000253f6839640 Exception <a 'java/lang/NoSuchMethodError'{0x00000000d68b1138}: 'int java.lang.invoke.DirectMethodHandle$Holder.invokeStaticInit(java.lang.Object, java.lang.Object, java.lang.Object)'> (0x00000000d68b1138) 
thrown [s\src\hotspot\share\interpreter\linkResolver.cpp, line 773]
Event: 23.478 Thread 0x00000253f6839640 Exception <a 'java/lang/IncompatibleClassChangeError'{0x00000000d693db58}: Found class java.lang.Object, but interface was expected> (0x00000000d693db58) 
thrown [s\src\hotspot\share\interpreter\linkResolver.cpp, line 840]
Event: 23.491 Thread 0x00000253f6839640 Exception <a 'java/lang/NoSuchMethodError'{0x00000000d6951a30}: 'java.lang.Object java.lang.invoke.DirectMethodHandle$Holder.invokeSpecial(java.lang.Object, java.lang.Object, java.lang.Object, int, java.lang.Object, java.lang.Object)'> (0x00000000d6951a30) 
thrown [s\src\hotspot\share\interpreter\linkResolver.cpp, line 773]
Event: 23.492 Thread 0x00000253f6839640 Exception <a 'java/lang/NoSuchMethodError'{0x00000000d6959508}: 'java.lang.Object java.lang.invoke.DirectMethodHandle$Holder.newInvokeSpecial(java.lang.Object, java.lang.Object, java.lang.Object, int, java.lang.Object)'> (0x00000000d6959508) 
thrown [s\src\hotspot\share\interpreter\linkResolver.cpp, line 773]
Event: 23.494 Thread 0x00000253f6839640 Exception <a 'java/lang/NoSuchMethodError'{0x00000000d695d488}: 'java.lang.Object java.lang.invoke.DirectMethodHandle$Holder.invokeSpecial(java.lang.Object, java.lang.Object, java.lang.Object, java.lang.Object, int, java.lang.Object)'> (0x00000000d695d488) 
thrown [s\src\hotspot\share\interpreter\linkResolver.cpp, line 773]
Event: 23.495 Thread 0x00000253f6839640 Exception <a 'java/lang/NoSuchMethodError'{0x00000000d6960fc8}: 'java.lang.Object java.lang.invoke.Invokers$Holder.linkToTargetMethod(java.lang.Object, java.lang.Object, int, java.lang.Object, java.lang.Object)'> (0x00000000d6960fc8) 
thrown [s\src\hotspot\share\interpreter\linkResolver.cpp, line 773]
Event: 23.496 Thread 0x00000253f660fef0 Exception <a 'java/lang/NoSuchMethodError'{0x00000000d687dfc0}: 'java.lang.Object java.lang.invoke.DirectMethodHandle$Holder.invokeSpecial(java.lang.Object, java.lang.Object, int, java.lang.Object, java.lang.Object)'> (0x00000000d687dfc0) 
thrown [s\src\hotspot\share\interpreter\linkResolver.cpp, line 773]
Event: 23.497 Thread 0x00000253f660fef0 Exception <a 'java/lang/NoSuchMethodError'{0x00000000d6884cf8}: 'java.lang.Object java.lang.invoke.DirectMethodHandle$Holder.newInvokeSpecial(java.lang.Object, java.lang.Object, int, java.lang.Object)'> (0x00000000d6884cf8) 
thrown [s\src\hotspot\share\interpreter\linkResolver.cpp, line 773]
Event: 23.497 Thread 0x00000253f660fef0 Exception <a 'java/lang/NoSuchMethodError'{0x00000000d68885d8}: 'java.lang.Object java.lang.invoke.DirectMethodHandle$Holder.invokeSpecial(java.lang.Object, java.lang.Object, java.lang.Object, int, java.lang.Object)'> (0x00000000d68885d8) 
thrown [s\src\hotspot\share\interpreter\linkResolver.cpp, line 773]
Event: 23.556 Thread 0x00000253f6839640 Exception <a 'java/lang/NoSuchMethodError'{0x00000000d6a7ff30}: 'void java.lang.invoke.DirectMethodHandle$Holder.invokeSpecial(java.lang.Object, java.lang.Object, java.lang.Object, java.lang.Object, java.lang.Object)'> (0x00000000d6a7ff30) 
thrown [s\src\hotspot\share\interpreter\linkResolver.cpp, line 773]
Event: 24.652 Thread 0x00000253f6839640 Exception <a 'java/lang/NoSuchMethodError'{0x00000000d6d6a4e0}: 'double java.lang.invoke.DirectMethodHandle$Holder.invokeStatic(java.lang.Object, java.lang.Object)'> (0x00000000d6d6a4e0) 
thrown [s\src\hotspot\share\interpreter\linkResolver.cpp, line 773]
Event: 24.653 Thread 0x00000253f6839640 Exception <a 'java/lang/NoSuchMethodError'{0x00000000d6d6dba0}: 'double java.lang.invoke.DirectMethodHandle$Holder.invokeStaticInit(java.lang.Object, java.lang.Object)'> (0x00000000d6d6dba0) 
thrown [s\src\hotspot\share\interpreter\linkResolver.cpp, line 773]

ZGC Phase Switch (0 events):
No events

VM Operations (20 events):
Event: 13.867 Executing non-safepoint VM operation: HandshakeAllThreads (Deoptimize)
Event: 13.867 Executing non-safepoint VM operation: HandshakeAllThreads (Deoptimize) done
Event: 14.873 Executing safepoint VM operation: Cleanup
Event: 14.873 Executing safepoint VM operation: Cleanup done
Event: 18.105 Executing non-safepoint VM operation: HandshakeAllThreads (Deoptimize)
Event: 18.105 Executing non-safepoint VM operation: HandshakeAllThreads (Deoptimize) done
Event: 18.105 Executing safepoint VM operation: Cleanup
Event: 18.105 Executing safepoint VM operation: Cleanup done
Event: 19.116 Executing safepoint VM operation: Cleanup
Event: 19.116 Executing safepoint VM operation: Cleanup done
Event: 20.124 Executing safepoint VM operation: Cleanup
Event: 20.250 Executing safepoint VM operation: Cleanup done
Event: 21.255 Executing safepoint VM operation: Cleanup
Event: 21.255 Executing safepoint VM operation: Cleanup done
Event: 24.278 Executing safepoint VM operation: Cleanup
Event: 24.278 Executing safepoint VM operation: Cleanup done
Event: 24.689 Executing safepoint VM operation: ParallelGCFailedAllocation (Allocation Failure)
Event: 24.694 Executing safepoint VM operation: ParallelGCFailedAllocation (Allocation Failure) done
Event: 25.695 Executing safepoint VM operation: Cleanup
Event: 25.695 Executing safepoint VM operation: Cleanup done

Memory protections (0 events):
No events

Nmethod flushes (0 events):
No events

Events (20 events):
Event: 0.064 Thread 0x00000253d9063010 Thread added: 0x00000253f19231a0
Event: 0.064 Thread 0x00000253d9063010 Thread added: 0x00000253f1929640
Event: 0.064 Thread 0x00000253d9063010 Thread added: 0x00000253f192ec70
Event: 0.064 Thread 0x00000253d9063010 Thread added: 0x00000253f19313e0
Event: 0.143 Thread 0x00000253d9063010 Thread added: 0x00000253f1b1fb80
Event: 0.274 Thread 0x00000253f19313e0 Thread added: 0x00000253f1bfaa80
Event: 0.462 Thread 0x00000253d9063010 Thread added: 0x00000253f6043ad0
Event: 1.851 Thread 0x00000253f1bfaa80 Thread exited: 0x00000253f1bfaa80
Event: 1.916 Thread 0x00000253f19313e0 Thread added: 0x00000253f1bf66a0
Event: 4.315 Thread 0x00000253f1bf66a0 Thread exited: 0x00000253f1bf66a0
Event: 4.407 Thread 0x00000253f19313e0 Thread added: 0x00000253f66758b0
Event: 4.791 Thread 0x00000253d9063010 Thread added: 0x00000253f66fc8e0
Event: 5.735 Thread 0x00000253f66758b0 Thread exited: 0x00000253f66758b0
Event: 12.445 Thread 0x00000253d9063010 Thread added: 0x00000253f672bcf0
Event: 12.455 Thread 0x00000253d9063010 Thread added: 0x00000253f6839640
Event: 12.600 Thread 0x00000253f6839640 Thread added: 0x00000253f67dca30
Event: 13.517 Thread 0x00000253f6839640 Thread added: 0x00000253f68c4480
Event: 18.181 Thread 0x00000253f6839640 Thread added: 0x00000253f19e9210
Event: 23.432 Thread 0x00000253f6839640 Thread added: 0x00000253f660fef0
Event: 23.500 Thread 0x00000253f6839640 Thread added: 0x00000253f1b87e20


Dynamic libraries:
0x00007ff643630000 - 0x00007ff64363e000 	c:\Users\Mohammadtaijim\.vscode\extensions\redhat.java-1.55.0-win32-x64\jre\21.0.11-win32-x86_64\bin\java.exe
0x00007ffb9e4c0000 - 0x00007ffb9e726000 	C:\WINDOWS\SYSTEM32\ntdll.dll
0x00007ffb9c810000 - 0x00007ffb9c8d9000 	C:\WINDOWS\System32\KERNEL32.DLL
0x00007ffb9bde0000 - 0x00007ffb9c1df000 	C:\WINDOWS\System32\KERNELBASE.dll
0x00007ffb9b6d0000 - 0x00007ffb9b81c000 	C:\WINDOWS\System32\ucrtbase.dll
0x00007ffb6ad10000 - 0x00007ffb6ad2e000 	c:\Users\Mohammadtaijim\.vscode\extensions\redhat.java-1.55.0-win32-x64\jre\21.0.11-win32-x86_64\bin\VCRUNTIME140.dll
0x00007ffb7f4c0000 - 0x00007ffb7f4d8000 	c:\Users\Mohammadtaijim\.vscode\extensions\redhat.java-1.55.0-win32-x64\jre\21.0.11-win32-x86_64\bin\jli.dll
0x00007ffb9c8e0000 - 0x00007ffb9caa6000 	C:\WINDOWS\System32\USER32.dll
0x00007ffb7b7e0000 - 0x00007ffb7ba71000 	C:\WINDOWS\WinSxS\amd64_microsoft.windows.common-controls_6595b64144ccf1df_6.0.26100.8972_none_3e0da176e32f9d4b\COMCTL32.dll
0x00007ffb9bb70000 - 0x00007ffb9bb97000 	C:\WINDOWS\System32\win32u.dll
0x00007ffb9c760000 - 0x00007ffb9c809000 	C:\WINDOWS\System32\msvcrt.dll
0x00007ffb9d670000 - 0x00007ffb9d69b000 	C:\WINDOWS\System32\GDI32.dll
0x00007ffb9b8c0000 - 0x00007ffb9b9e9000 	C:\WINDOWS\System32\gdi32full.dll
0x00007ffb9bd30000 - 0x00007ffb9bdd3000 	C:\WINDOWS\System32\msvcp_win.dll
0x00007ffb9c2a0000 - 0x00007ffb9c2d2000 	C:\WINDOWS\System32\IMM32.DLL
0x00007ffb8de80000 - 0x00007ffb8de8c000 	c:\Users\Mohammadtaijim\.vscode\extensions\redhat.java-1.55.0-win32-x64\jre\21.0.11-win32-x86_64\bin\vcruntime140_1.dll
0x00007ffb52620000 - 0x00007ffb526ad000 	c:\Users\Mohammadtaijim\.vscode\extensions\redhat.java-1.55.0-win32-x64\jre\21.0.11-win32-x86_64\bin\msvcp140.dll
0x00007ffafc450000 - 0x00007ffafd1f2000 	c:\Users\Mohammadtaijim\.vscode\extensions\redhat.java-1.55.0-win32-x64\jre\21.0.11-win32-x86_64\bin\server\jvm.dll
0x00007ffb9c680000 - 0x00007ffb9c73c000 	C:\WINDOWS\System32\ADVAPI32.dll
0x00007ffb9c1f0000 - 0x00007ffb9c29a000 	C:\WINDOWS\System32\sechost.dll
0x00007ffb9dfe0000 - 0x00007ffb9e0f8000 	C:\WINDOWS\System32\RPCRT4.dll
0x00007ffb9e1c0000 - 0x00007ffb9e242000 	C:\WINDOWS\System32\WS2_32.dll
0x00007ffb9b530000 - 0x00007ffb9b58e000 	C:\WINDOWS\SYSTEM32\POWRPROF.dll
0x00007ffb8d0f0000 - 0x00007ffb8d126000 	C:\WINDOWS\SYSTEM32\WINMM.dll
0x00007ffb934a0000 - 0x00007ffb934ab000 	C:\WINDOWS\SYSTEM32\VERSION.dll
0x00007ffb9b510000 - 0x00007ffb9b525000 	C:\WINDOWS\SYSTEM32\UMPDC.dll
0x00007ffb9a3c0000 - 0x00007ffb9a3db000 	C:\WINDOWS\SYSTEM32\kernel.appcore.dll
0x00007ffb8ca60000 - 0x00007ffb8ca6a000 	c:\Users\Mohammadtaijim\.vscode\extensions\redhat.java-1.55.0-win32-x64\jre\21.0.11-win32-x86_64\bin\jimage.dll
0x00007ffb8cd80000 - 0x00007ffb8cfc2000 	C:\WINDOWS\SYSTEM32\DBGHELP.DLL
0x00007ffb9c2f0000 - 0x00007ffb9c675000 	C:\WINDOWS\System32\combase.dll
0x00007ffb9d6a0000 - 0x00007ffb9d779000 	C:\WINDOWS\System32\OLEAUT32.dll
0x00007ffb8df30000 - 0x00007ffb8df6b000 	C:\WINDOWS\SYSTEM32\dbgcore.DLL
0x00007ffb9b9f0000 - 0x00007ffb9ba9c000 	C:\WINDOWS\System32\bcryptPrimitives.dll
0x00007ffb8b8b0000 - 0x00007ffb8b8bf000 	c:\Users\Mohammadtaijim\.vscode\extensions\redhat.java-1.55.0-win32-x64\jre\21.0.11-win32-x86_64\bin\instrument.dll
0x00007ffb6acd0000 - 0x00007ffb6acf0000 	c:\Users\Mohammadtaijim\.vscode\extensions\redhat.java-1.55.0-win32-x64\jre\21.0.11-win32-x86_64\bin\java.dll
0x00007ffb9cd70000 - 0x00007ffb9d4f8000 	C:\WINDOWS\System32\SHELL32.dll
0x00007ffb99150000 - 0x00007ffb999eb000 	C:\WINDOWS\SYSTEM32\windows.storage.dll
0x00007ffb9d570000 - 0x00007ffb9d669000 	C:\WINDOWS\System32\SHCORE.dll
0x00007ffb9d500000 - 0x00007ffb9d566000 	C:\WINDOWS\System32\shlwapi.dll
0x00007ffb9b5f0000 - 0x00007ffb9b619000 	C:\WINDOWS\SYSTEM32\profapi.dll
0x00007ffb6ab60000 - 0x00007ffb6ab78000 	c:\Users\Mohammadtaijim\.vscode\extensions\redhat.java-1.55.0-win32-x64\jre\21.0.11-win32-x86_64\bin\zip.dll
0x00007ffb8b750000 - 0x00007ffb8b760000 	C:\Users\Mohammadtaijim\.vscode\extensions\redhat.java-1.55.0-win32-x64\jre\21.0.11-win32-x86_64\bin\net.dll
0x00007ffb94790000 - 0x00007ffb948b8000 	C:\WINDOWS\SYSTEM32\WINHTTP.dll
0x00007ffb9a970000 - 0x00007ffb9a9dc000 	C:\WINDOWS\system32\mswsock.dll
0x00007ffb6a370000 - 0x00007ffb6a386000 	C:\Users\Mohammadtaijim\.vscode\extensions\redhat.java-1.55.0-win32-x64\jre\21.0.11-win32-x86_64\bin\nio.dll
0x00007ffb8b5d0000 - 0x00007ffb8b5e0000 	c:\Users\Mohammadtaijim\.vscode\extensions\redhat.java-1.55.0-win32-x64\jre\21.0.11-win32-x86_64\bin\verify.dll
0x00007ffb785e0000 - 0x00007ffb78625000 	C:\Users\Mohammadtaijim\AppData\Roaming\Code\User\globalStorage\redhat.java\1.55.0\config_ss_win\org.eclipse.equinox.launcher\org.eclipse.equinox.launcher.win32.win32.x86_64_1.3.100.v20260613-0559\eclipse_11924.dll
0x00007ffb9e260000 - 0x00007ffb9e3f9000 	C:\WINDOWS\System32\ole32.dll
0x00007ffb9ac60000 - 0x00007ffb9ac7b000 	C:\WINDOWS\SYSTEM32\CRYPTSP.dll
0x00007ffb9a320000 - 0x00007ffb9a359000 	C:\WINDOWS\system32\rsaenh.dll
0x00007ffb9aa20000 - 0x00007ffb9aa52000 	C:\WINDOWS\SYSTEM32\USERENV.dll
0x00007ffb9b5c0000 - 0x00007ffb9b5ea000 	C:\WINDOWS\SYSTEM32\bcrypt.dll
0x00007ffb9ac80000 - 0x00007ffb9ac8c000 	C:\WINDOWS\SYSTEM32\CRYPTBASE.dll
0x00007ffb99e00000 - 0x00007ffb99e33000 	C:\WINDOWS\SYSTEM32\IPHLPAPI.DLL
0x00007ffb9c750000 - 0x00007ffb9c75a000 	C:\WINDOWS\System32\NSI.dll
0x00007ffb69c10000 - 0x00007ffb69c59000 	C:\Users\Mohammadtaijim\AppData\Local\Temp\jna--612607504\jna1552354442622725261.dll
0x00007ffb9c2e0000 - 0x00007ffb9c2e8000 	C:\WINDOWS\System32\PSAPI.DLL

JVMTI agents:
c:\Users\Mohammadtaijim\.vscode\extensions\redhat.java-1.55.0-win32-x64\lombok\lombok-1.18.39-4050.jar path:c:\Users\Mohammadtaijim\.vscode\extensions\redhat.java-1.55.0-win32-x64\jre\21.0.11-win32-x86_64\bin\instrument.dll, loaded, initialized, instrumentlib options:none

dbghelp: loaded successfully - version: 4.0.5 - missing functions: none
symbol engine: initialized successfully - sym options: 0x614 - pdb path: .;c:\Users\Mohammadtaijim\.vscode\extensions\redhat.java-1.55.0-win32-x64\jre\21.0.11-win32-x86_64\bin;C:\WINDOWS\SYSTEM32;C:\WINDOWS\WinSxS\amd64_microsoft.windows.common-controls_6595b64144ccf1df_6.0.26100.8972_none_3e0da176e32f9d4b;c:\Users\Mohammadtaijim\.vscode\extensions\redhat.java-1.55.0-win32-x64\jre\21.0.11-win32-x86_64\bin\server;C:\Users\Mohammadtaijim\AppData\Roaming\Code\User\globalStorage\redhat.java\1.55.0\config_ss_win\org.eclipse.equinox.launcher\org.eclipse.equinox.launcher.win32.win32.x86_64_1.3.100.v20260613-0559;C:\Users\Mohammadtaijim\AppData\Local\Temp\jna--612607504

VM Arguments:
jvm_args: --add-modules=ALL-SYSTEM --add-opens=java.base/java.util=ALL-UNNAMED --add-opens=java.base/java.lang=ALL-UNNAMED --add-opens=java.base/sun.nio.fs=ALL-UNNAMED -Declipse.application=org.eclipse.jdt.ls.core.id1 -Dosgi.bundles.defaultStartLevel=4 -Declipse.product=org.eclipse.jdt.ls.core.product -Djava.import.generatesMetadataFilesAtProjectRoot=false -DDetectVMInstallationsJob.disabled=true -Dfile.encoding=utf8 -XX:+UseParallelGC -XX:GCTimeRatio=4 -XX:AdaptiveSizePolicyWeight=90 -Dsun.zip.disableMemoryMapping=true -Xmx2G -Xms100m -Xlog:disable -javaagent:c:\Users\Mohammadtaijim\.vscode\extensions\redhat.java-1.55.0-win32-x64\lombok\lombok-1.18.39-4050.jar 
java_command: c:\Users\Mohammadtaijim\.vscode\extensions\redhat.java-1.55.0-win32-x64\server\plugins\org.eclipse.equinox.launcher_1.7.200.v20260619-2039.jar -configuration c:\Users\Mohammadtaijim\AppData\Roaming\Code\User\globalStorage\redhat.java\1.55.0\config_ss_win -data c:\Users\Mohammadtaijim\AppData\Roaming\Code\User\workspaceStorage\40187ffb2bf2468e38869638b7ff3013\redhat.java\ss_ws --pipe=\\.\pipe\lsp-47b84b3d73374d29a78f35649d912c45-sock
java_class_path (initial): c:\Users\Mohammadtaijim\.vscode\extensions\redhat.java-1.55.0-win32-x64\server\plugins\org.eclipse.equinox.launcher_1.7.200.v20260619-2039.jar
Launcher Type: SUN_STANDARD

[Global flags]
    uintx AdaptiveSizePolicyWeight                 = 90                                        {product} {command line}
     intx CICompilerCount                          = 4                                         {product} {ergonomic}
    uintx GCTimeRatio                              = 4                                         {product} {command line}
   size_t InitialHeapSize                          = 104857600                                 {product} {command line}
   size_t MaxHeapSize                              = 2147483648                                {product} {command line}
   size_t MaxNewSize                               = 715653120                                 {product} {ergonomic}
   size_t MinHeapDeltaBytes                        = 524288                                    {product} {ergonomic}
   size_t MinHeapSize                              = 104857600                                 {product} {command line}
   size_t NewSize                                  = 34603008                                  {product} {ergonomic}
    uintx NonNMethodCodeHeapSize                   = 5839372                                {pd product} {ergonomic}
    uintx NonProfiledCodeHeapSize                  = 122909434                              {pd product} {ergonomic}
   size_t OldSize                                  = 70254592                                  {product} {ergonomic}
    uintx ProfiledCodeHeapSize                     = 122909434                              {pd product} {ergonomic}
    uintx ReservedCodeCacheSize                    = 251658240                              {pd product} {ergonomic}
     bool SegmentedCodeCache                       = true                                      {product} {ergonomic}
   size_t SoftMaxHeapSize                          = 2147483648                             {manageable} {ergonomic}
     bool UseCompressedOops                        = true                           {product lp64_product} {ergonomic}
     bool UseLargePagesIndividualAllocation        = false                                  {pd product} {ergonomic}
     bool UseParallelGC                            = true                                      {product} {command line}

Logging:
Log output configuration:
 #0: stdout all=off uptime,level,tags foldmultilines=false
 #1: stderr all=off uptime,level,tags foldmultilines=false

Release file:
JAVA_VERSION="21.0.11" 
MODULES="java.base java.compiler java.datatransfer java.xml java.prefs java.desktop java.instrument java.logging java.management java.security.sasl java.naming java.rmi java.management.rmi java.net.http java.scripting java.security.jgss java.transaction.xa java.sql java.sql.rowset java.xml.crypto java.se java.smartcardio jdk.accessibility jdk.internal.jvmstat jdk.attach jdk.charsets jdk.internal.opt jdk.zipfs jdk.compiler jdk.crypto.ec jdk.crypto.cryptoki jdk.crypto.mscapi jdk.dynalink jdk.internal.ed jdk.editpad jdk.hotspot.agent jdk.httpserver jdk.internal.le jdk.internal.vm.ci jdk.internal.vm.compiler jdk.internal.vm.compiler.management jdk.jartool jdk.javadoc jdk.jcmd jdk.management jdk.management.agent jdk.jconsole jdk.jdeps jdk.jdwp.agent jdk.jdi jdk.jfr jdk.jshell jdk.jsobject jdk.jstatd jdk.localedata jdk.management.jfr jdk.naming.dns jdk.naming.rmi jdk.net jdk.nio.mapmode jdk.random jdk.sctp jdk.security.auth jdk.security.jgss jdk.unsupported jdk.unsupported.desktop jdk.xml.dom" 

Environment Variables:
JAVA_HOME=C:\Program Files\Java\jdk-21
PATH=C:\Program Files\Common Files\Oracle\Java\javapath;C:\windows\system32;C:\windows;C:\windows\System32\Wbem;C:\windows\System32\WindowsPowerShell\v1.0\;C:\windows\System32\OpenSSH\;C:\Program Files (x86)\NVIDIA Corporation\PhysX\Common;C:\Program Files\NVIDIA Corporation\NVIDIA NvDLISR;C:\Users\Administrator\AppData\Local\Microsoft\WindowsApps;C:\Program Files\HP\OMEN-Broadcast\Common;C:\MinGW\bin;C:\WINDOWS\system32;C:\WINDOWS;C:\WINDOWS\System32\Wbem;C:\WINDOWS\System32\WindowsPowerShell\v1.0\;C:\WINDOWS\System32\OpenSSH\;C:\Program Files\nodejs\;C:\Program Files\Git\cmd;C:\Program Files (x86)\Microsoft SQL Server\160\Tools\Binn\;C:\Program Files\Microsoft SQL Server\160\Tools\Binn\;C:\Program Files\Microsoft SQL Server\Client SDK\ODBC\170\Tools\Binn\;C:\Program Files\Microsoft SQL Server\160\DTS\Binn\;C:\Program Files\cursor\resources\app\bin;C:\Program Files\apache-maven-3.9.14\bin;C:\Program Files\MySQL\MySQL Shell 8.0\bin\;C:\Users\Mohammadtaijim\AppData\Local\Programs\Python\Python313\Scripts\;C:\Users\Mohammadtaijim\AppData\Local\Programs\Python\Python313\;C:\Users\Mohammadtaijim\AppData\Local\Microsoft\WindowsApps;C:\Users\Mohammadtaijim\AppData\Local\Programs\Microsoft VS Code\bin;C:\Program Files\Java\jdk-21\bin;C:\Users\Mohammadtaijim\AppData\Roaming\npm;C:\Program Files\MongoDB\Server\8.2\bin;C:\Users\Mohammadtaijim\AppData\Local\Programs\mongosh\;C:\Users\Mohammadtaijim\Downloads\mongosh-2.8.2-win32-x64\mongosh-2.8.2-win32-x64\bin;C:\Users\Mohammadtaijim\AppData\Local\Programs\Antigravity IDE\bin;C:\Users\Mohammadtaijim\AppData\Local\Programs\DockerDesktop\resources\bin
USERNAME=Mohammadtaijim
OS=Windows_NT
PROCESSOR_IDENTIFIER=AMD64 Family 25 Model 68 Stepping 1, AuthenticAMD
TMP=C:\Users\MOHAMM~1\AppData\Local\Temp
TEMP=C:\Users\MOHAMM~1\AppData\Local\Temp




Periodic native trim disabled

---------------  S Y S T E M  ---------------

OS:
 Windows 11 , 64 bit Build 26100 (10.0.26100.9168)
OS uptime: 3 days 13:43 hours
Hyper-V role detected

CPU: total 12 (initial active 12) (12 cores per cpu, 2 threads per core) family 25 model 68 stepping 1 microcode 0xa40410a, cx8, cmov, fxsr, ht, mmx, 3dnowpref, sse, sse2, sse3, ssse3, sse4a, sse4.1, sse4.2, popcnt, lzcnt, tsc, tscinvbit, avx, avx2, aes, erms, clmul, bmi1, bmi2, adx, sha, fma, vzeroupper, clflush, clflushopt, hv, rdtscp, rdpid, fsrm, f16c, cet_ss
Processor Information for the first 12 processors :
  Max Mhz: 3301, Current Mhz: 2496, Mhz Limit: 3301

Memory: 4k page, system-wide physical 7381M (76M free)
TotalPageFile size 29909M (AvailPageFile size 8M)
current process WorkingSet (physical memory assigned to process): 101M, peak: 127M
current process commit charge ("private bytes"): 269M, peak: 272M

vm_info: OpenJDK 64-Bit Server VM (21.0.11+10-LTS) for windows-amd64 JRE (21.0.11+10-LTS), built on 2026-04-21T00:00:00Z by "admin" with MS VC++ 17.12 (VS2022)

END.
